// Jest Snapshot v1, https://goo.gl/fbAQLP

exports[`@cms/core/[object Object] should create snapshot 1`] = `
<div>
  <div
    class="stat 
          
          
          
          
          text-undefined-content bg-undefined 
      "
    tabindex="0"
  >
    Test
  </div>
</div>
`;
