// Jest Snapshot v1, https://goo.gl/fbAQLP

exports[`@cms/core/Ui_Artboard should match snapshot 1`] = `
<div>
  <div
    class="
      artboard  
      phone-1 
      artboard-horizontal 
       
       
      "
  />
</div>
`;
