// Jest Snapshot v1, https://goo.gl/fbAQLP

exports[`@cms/core/Ui_Breadcrumbs should create snapshot 1`] = `
<div>
  <div
    class="
      breadcrumbs  
       
       
      "
  />
</div>
`;
