// Jest Snapshot v1, https://goo.gl/fbAQLP

exports[`@cms/core/Ui_Dropdown.Label should match snapshot 1`] = `
<div>
  <label
    class=""
    tabindex="0"
  >
    Test
  </label>
</div>
`;
