// Jest Snapshot v1, https://goo.gl/fbAQLP

exports[`@cms/core/Ui_Card.Title should match snapshot 1`] = `
<div>
  <div
    class="card-title "
  >
    Title
  </div>
</div>
`;
