// Jest Snapshot v1, https://goo.gl/fbAQLP

exports[`@cms/core/Ui_Drawer should match snapshot 1`] = `
<div>
  <div
    class="
    drawer  
    
    
    "
  >
    <input
      class="drawer-toggle"
      type="checkbox"
    />
    Title
  </div>
</div>
`;
