// Jest Snapshot v1, https://goo.gl/fbAQLP

exports[`@cms/core/Ui_Collapse.Content should match snapshot 1`] = `
<div>
  <div
    class="
    collapse-content
    
    
        
    "
  />
</div>
`;
