// Jest Snapshot v1, https://goo.gl/fbAQLP

exports[`@cms/core/Ui_Carousel.Navbar should match snapshot 1`] = `
<div>
  <div
    class="flex justify-center w-full py-2 gap-2 
      
      
    "
  />
</div>
`;
