// Jest Snapshot v1, https://goo.gl/fbAQLP

exports[`@cms/core/[object Object] should create snapshot 1`] = `
<div>
  <ul
    class="
      menu  
       
       
      
       
      
      
      bg-base-200

      "
  >
    <li>
      Test
    </li>
  </ul>
</div>
`;
