// Jest Snapshot v1, https://goo.gl/fbAQLP

exports[`@cms/core/Ui_Dropdown.Content should match snapshot 1`] = `
<div>
  <div
    class="dropdown-content rounded-box shadow-2xl border border-base-content border-opacity-5 bg-base-100  "
  >
    Test
  </div>
</div>
`;
