// Jest Snapshot v1, https://goo.gl/fbAQLP

exports[`@cms/core/[object Object] should create snapshot 1`] = `
<div>
  <kbd
    class="kbd   "
  >
    Test
  </kbd>
</div>
`;
