// Jest Snapshot v1, https://goo.gl/fbAQLP

exports[`@cms/core/Ui_Drawer.Content should match snapshot 1`] = `
<div>
  <div
    class="drawer-content flex flex-col items-center "
    id="main-content"
  >
    Test
  </div>
</div>
`;
