// Jest Snapshot v1, https://goo.gl/fbAQLP

exports[`@cms/core/[object Object] should create snapshot 1`] = `
<div>
  <div
    class=" grid grid-cols-4 gap-4"
  >
    Test
  </div>
</div>
`;
