// Jest Snapshot v1, https://goo.gl/fbAQLP

exports[`@cms/core/[object Object] should create snapshot 1`] = `
<div>
  <label
    class="
      input-group  
      
      
      
      "
  >
    Test
  </label>
</div>
`;
