// Jest Snapshot v1, https://goo.gl/fbAQLP

exports[`@cms/core/[object Object] should create snapshot 1`] = `
<div>
  <div
    class="
      mockup-code  
       
      
      bg-base-100
            
      
      "
  >
    Test
  </div>
</div>
`;
