// Jest Snapshot v1, https://goo.gl/fbAQLP

exports[`@cms/core/Ui_Carousel.Item should match snapshot 1`] = `
<div>
  <div
    class="carousel-item 
      
      
      
      
      
    "
  />
</div>
`;
