// Jest Snapshot v1, https://goo.gl/fbAQLP

exports[`@cms/core/Ui_Collapse.Title should match snapshot 1`] = `
<div>
  <div
    class="
      collapse-title 
    
    
    
    "
  />
</div>
`;
