// Jest Snapshot v1, https://goo.gl/fbAQLP

exports[`@cms/core/Ui_Divider should create snapshot 1`] = `
<div>
  <div
    class="
      divider 
       
       
      "
  />
</div>
`;
